[2026-07-31 11:54:38] ===== 260data_seed0: stage3a-snapshot -> KOPYA dizine decoder egitimi =====
[2026-07-31 11:55:00] 260data_seed0: decoder egitimi basarili (21.5s)
[2026-07-31 11:55:00] 260data_seed0: ONCE (pre-finetune) degerlendirme...
[2026-07-31 11:55:00] 260data_seed0: SONRA (post-finetune, final) degerlendirme...
[2026-07-31 11:55:00] 260data_seed0: TAMAMLANDI, gecici kopya temizlendi
[2026-07-31 11:55:00] ===== 260data_seed1: stage3a-snapshot -> KOPYA dizine decoder egitimi =====
[2026-07-31 11:55:20] 260data_seed1: decoder egitimi basarili (20.0s)
[2026-07-31 11:55:20] 260data_seed1: ONCE (pre-finetune) degerlendirme...
[2026-07-31 11:55:21] 260data_seed1: SONRA (post-finetune, final) degerlendirme...
[2026-07-31 11:55:21] 260data_seed1: TAMAMLANDI, gecici kopya temizlendi
[2026-07-31 11:55:21] ===== 260data_seed2: stage3a-snapshot -> KOPYA dizine decoder egitimi =====
[2026-07-31 11:55:42] 260data_seed2: decoder egitimi basarili (21.1s)
[2026-07-31 11:55:42] 260data_seed2: ONCE (pre-finetune) degerlendirme...
[2026-07-31 11:55:42] 260data_seed2: SONRA (post-finetune, final) degerlendirme...
[2026-07-31 11:55:42] 260data_seed2: TAMAMLANDI, gecici kopya temizlendi
[2026-07-31 11:55:42] ===== 1560data_seed0: stage3a-snapshot -> KOPYA dizine decoder egitimi =====
[2026-07-31 11:57:56] 1560data_seed0: decoder egitimi basarili (133.5s)
[2026-07-31 11:57:56] 1560data_seed0: ONCE (pre-finetune) degerlendirme...
[2026-07-31 11:57:56] 1560data_seed0: SONRA (post-finetune, final) degerlendirme...
[2026-07-31 11:57:56] 1560data_seed0: TAMAMLANDI, gecici kopya temizlendi
[2026-07-31 11:57:56] ===== 1560data_seed1: stage3a-snapshot -> KOPYA dizine decoder egitimi =====
[2026-07-31 12:00:10] 1560data_seed1: decoder egitimi basarili (134.2s)
[2026-07-31 12:00:10] 1560data_seed1: ONCE (pre-finetune) degerlendirme...
[2026-07-31 12:00:11] 1560data_seed1: SONRA (post-finetune, final) degerlendirme...
[2026-07-31 12:00:11] 1560data_seed1: TAMAMLANDI, gecici kopya temizlendi
[2026-07-31 12:00:11] ===== 1560data_seed2: stage3a-snapshot -> KOPYA dizine decoder egitimi =====
[2026-07-31 12:02:24] 1560data_seed2: decoder egitimi basarili (132.6s)
[2026-07-31 12:02:24] 1560data_seed2: ONCE (pre-finetune) degerlendirme...
[2026-07-31 12:02:24] 1560data_seed2: SONRA (post-finetune, final) degerlendirme...
[2026-07-31 12:02:24] 1560data_seed2: TAMAMLANDI, gecici kopya temizlendi
[2026-07-31 12:02:24] TUM KARSILASTIRMALAR BITTI
